output: /proj/aigstaff/sohroy/profiling/qwen36_bf16_20260929_2123
[2026-09-29 21:23:07] >>> environment
[2026-09-29 21:23:08] >>> build_opprof
[2026-09-29 21:23:09] >>> bench_stock
[2026-09-29 21:27:59] >>> bench_zendnn
[2026-09-29 21:32:55] >>> bench_zendnn_fb0
[2026-09-29 21:45:21] >>> bench_zendnn_fb0_grp1
[2026-09-29 21:45:41] >>> bench_zendnn_fb0_grp3
[2026-09-29 21:46:30] >>> bench_zendnn_fb0_grp4
Terminated
    FAILED rc=143 (bench_zendnn_fb0_grp4)
[2026-09-29 21:57:27] >>> bench_zendnn_fb0_grp5
[2026-09-29 21:57:43] >>> vllm_pp256
[2026-09-29 22:02:20] >>> vllm_pp8192
[2026-09-29 22:07:12] >>> placement_zendnn
[2026-09-29 22:07:20] >>> placement_zendnn_fb0
[2026-09-29 22:07:57] >>> opprof_stock_pp256_ub512
[2026-09-29 22:08:06] >>> opprof_zendnn_pp256_ub512
[2026-09-29 22:08:15] >>> opprof_zendnn_fb0_pp256_ub512
[2026-09-29 22:09:04] >>> opprof_stock_pp8192_ub512
[2026-09-29 22:11:26] >>> opprof_zendnn_pp8192_ub512
[2026-09-29 22:13:42] >>> opprof_zendnn_fb0_pp8192_ub512
[2026-09-29 22:16:53] >>> opprof_stock_pp8192_ub4096
[2026-09-29 22:19:11] >>> opprof_zendnn_pp8192_ub4096
[2026-09-29 22:21:22] >>> opprof_zendnn_fb0_pp8192_ub4096
[2026-09-29 22:24:58] >>> vllm_profile_pp256
[2026-09-29 22:28:17] >>> vllm_profile_pp8192
[2026-09-29 22:32:14] >>> zendnnl_log
tar: qwen36_bf16_20260929_2123/.nfs00000000e0298b4600000002: File removed before we read it
tar: qwen36_bf16_20260929_2123: file changed as we read it
done: /proj/aigstaff/sohroy/profiling/qwen36_bf16_20260929_2123/summary.md, /proj/aigstaff/sohroy/profiling/qwen36_bf16_20260929_2123.tar.gz
