opprof: pp4096 ub4096  clean 15877.1 ms (258.0 t/s)  profiled 15368.3 ms (266.5 t/s)  sum(nodes) 15332.2 ms
  CONCAT	CPU                                     30 calls     7101.5 ms  46.32%
  MUL_MAT_ID	ZenDNN                             117 calls     3351.2 ms  21.86%
  MUL_MAT	ZenDNN                                286 calls     1313.0 ms   8.56%
  GATED_DELTA_NET	CPU                            30 calls      788.9 ms   5.15%
  FLASH_ATTN_EXT	CPU                             10 calls      707.4 ms   4.61%
  SIGMOID	CPU                                    80 calls      477.8 ms   3.12%
  MUL	CPU                                       281 calls      312.4 ms   2.04%
  RMS_NORM	CPU                                  191 calls      259.3 ms   1.69%
  ADD	CPU                                       430 calls      222.9 ms   1.45%
  SSM_CONV	CPU                                   30 calls      222.7 ms   1.45%
  SCALE	CPU                                     120 calls      133.2 ms   0.87%
  SWIGLU	CPU                                     80 calls      103.2 ms   0.67%
  SILU	CPU                                       60 calls       97.5 ms   0.64%
  ARGSORT	CPU                                    40 calls       70.5 ms   0.46%
  MUL_MAT	CPU                                   105 calls       67.6 ms   0.44%
  GET_ROWS	CPU                                  104 calls       35.1 ms   0.23%
  SOFTPLUS	CPU                                   30 calls       24.5 ms   0.16%
  CONT	CPU                                       10 calls       19.7 ms   0.13%
  ROPE	CPU                                       20 calls        6.2 ms   0.04%
  SET_ROWS	CPU                                   21 calls        6.2 ms   0.04%
  SOFT_MAX	CPU                                   40 calls        5.7 ms   0.04%
  CPY	CPU                                       120 calls        2.0 ms   0.01%
  CLAMP	CPU                                      40 calls        1.3 ms   0.01%
  DIV	CPU                                        40 calls        0.8 ms   0.01%
  SUM_ROWS	CPU                                   40 calls        0.7 ms   0.00%
  MUL_MAT_ID	CPU                                  3 calls        0.6 ms   0.00%
  DUP	CPU                                         1 calls        0.1 ms   0.00%
