opprof: pp4096 ub512  clean 15409.2 ms (265.8 t/s)  profiled 15018.5 ms (272.7 t/s)  sum(nodes) 14948.5 ms
  MUL_MAT_ID	ZenDNN                             936 calls     7027.4 ms  47.01%
  CONCAT	CPU                                    240 calls     2787.2 ms  18.65%
  MUL_MAT	ZenDNN                               2288 calls     1546.0 ms  10.34%
  GATED_DELTA_NET	CPU                           240 calls      803.9 ms   5.38%
  FLASH_ATTN_EXT	CPU                             80 calls      616.6 ms   4.12%
  SIGMOID	CPU                                   640 calls      499.6 ms   3.34%
  MUL	CPU                                      2248 calls      330.1 ms   2.21%
  RMS_NORM	CPU                                 1528 calls      308.4 ms   2.06%
  SSM_CONV	CPU                                  240 calls      218.9 ms   1.46%
  SCALE	CPU                                     960 calls      160.2 ms   1.07%
  SILU	CPU                                      480 calls      111.3 ms   0.74%
  ADD	CPU                                      3440 calls      106.1 ms   0.71%
  SWIGLU	CPU                                    640 calls       90.7 ms   0.61%
  ARGSORT	CPU                                   320 calls       78.8 ms   0.53%
  GET_ROWS	CPU                                  832 calls       77.1 ms   0.52%
  MUL_MAT	CPU                                   840 calls       74.8 ms   0.50%
  CONT	CPU                                       80 calls       29.6 ms   0.20%
  SOFTPLUS	CPU                                  240 calls       26.2 ms   0.18%
  CPY	CPU                                       960 calls       24.2 ms   0.16%
  SOFT_MAX	CPU                                  320 calls        9.0 ms   0.06%
  ROPE	CPU                                      160 calls        8.3 ms   0.06%
  SET_ROWS	CPU                                  168 calls        6.7 ms   0.04%
  DIV	CPU                                       320 calls        3.8 ms   0.03%
  CLAMP	CPU                                     320 calls        1.5 ms   0.01%
  SUM_ROWS	CPU                                  320 calls        1.1 ms   0.01%
  MUL_MAT_ID	CPU                                 24 calls        0.6 ms   0.00%
  DUP	CPU                                         8 calls        0.4 ms   0.00%
