opprof: pp4096 ub512  clean 14908.3 ms (274.7 t/s)  profiled 15056.4 ms (272.0 t/s)  sum(nodes) 14987.5 ms
  MUL_MAT_ID	ZenDNN                             936 calls     7027.6 ms  46.89%
  CONCAT	CPU                                    240 calls     2829.4 ms  18.88%
  MUL_MAT	ZenDNN                               2288 calls     1541.0 ms  10.28%
  GATED_DELTA_NET	CPU                           240 calls      809.6 ms   5.40%
  FLASH_ATTN_EXT	CPU                             80 calls      619.6 ms   4.13%
  SIGMOID	CPU                                   640 calls      499.9 ms   3.34%
  MUL	CPU                                      2248 calls      328.5 ms   2.19%
  RMS_NORM	CPU                                 1528 calls      309.7 ms   2.07%
  SSM_CONV	CPU                                  240 calls      216.5 ms   1.44%
  SCALE	CPU                                     960 calls      156.3 ms   1.04%
  SILU	CPU                                      480 calls      111.9 ms   0.75%
  ADD	CPU                                      3440 calls      104.7 ms   0.70%
  SWIGLU	CPU                                    640 calls       89.1 ms   0.59%
  ARGSORT	CPU                                   320 calls       78.9 ms   0.53%
  GET_ROWS	CPU                                  832 calls       78.5 ms   0.52%
  MUL_MAT	CPU                                   840 calls       73.9 ms   0.49%
  CONT	CPU                                       80 calls       29.9 ms   0.20%
  CPY	CPU                                       960 calls       26.3 ms   0.18%
  SOFTPLUS	CPU                                  240 calls       24.9 ms   0.17%
  SOFT_MAX	CPU                                  320 calls        8.9 ms   0.06%
  ROPE	CPU                                      160 calls        8.3 ms   0.06%
  SET_ROWS	CPU                                  168 calls        6.5 ms   0.04%
  DIV	CPU                                       320 calls        3.8 ms   0.03%
  CLAMP	CPU                                     320 calls        1.5 ms   0.01%
  SUM_ROWS	CPU                                  320 calls        1.4 ms   0.01%
  MUL_MAT_ID	CPU                                 24 calls        0.6 ms   0.00%
  DUP	CPU                                         8 calls        0.4 ms   0.00%
