opprof: pp4096 ub4096  clean 15849.2 ms (258.4 t/s)  profiled 15383.5 ms (266.3 t/s)  sum(nodes) 15348.2 ms
  CONCAT	CPU                                     30 calls     7080.3 ms  46.13%
  MUL_MAT_ID	ZenDNN                             117 calls     3350.8 ms  21.83%
  MUL_MAT	ZenDNN                                286 calls     1315.0 ms   8.57%
  GATED_DELTA_NET	CPU                            30 calls      796.2 ms   5.19%
  FLASH_ATTN_EXT	CPU                             10 calls      707.1 ms   4.61%
  SIGMOID	CPU                                    80 calls      482.1 ms   3.14%
  MUL	CPU                                       281 calls      315.1 ms   2.05%
  RMS_NORM	CPU                                  191 calls      261.8 ms   1.71%
  SSM_CONV	CPU                                   30 calls      227.3 ms   1.48%
  ADD	CPU                                       430 calls      223.0 ms   1.45%
  SCALE	CPU                                     120 calls      150.3 ms   0.98%
  SWIGLU	CPU                                     80 calls      101.8 ms   0.66%
  SILU	CPU                                       60 calls       96.5 ms   0.63%
  ARGSORT	CPU                                    40 calls       70.3 ms   0.46%
  MUL_MAT	CPU                                   105 calls       67.8 ms   0.44%
  GET_ROWS	CPU                                  104 calls       34.8 ms   0.23%
  SOFTPLUS	CPU                                   30 calls       24.5 ms   0.16%
  CONT	CPU                                       10 calls       19.7 ms   0.13%
  ROPE	CPU                                       20 calls        6.2 ms   0.04%
  SET_ROWS	CPU                                   21 calls        6.2 ms   0.04%
  SOFT_MAX	CPU                                   40 calls        5.6 ms   0.04%
  CPY	CPU                                       120 calls        2.0 ms   0.01%
  CLAMP	CPU                                      40 calls        1.3 ms   0.01%
  DIV	CPU                                        40 calls        0.8 ms   0.01%
  SUM_ROWS	CPU                                   40 calls        0.7 ms   0.00%
  MUL_MAT_ID	CPU                                  3 calls        0.6 ms   0.00%
  DUP	CPU                                         1 calls        0.1 ms   0.00%
