opprof: pp8192 ub4096  clean 17375.1 ms (471.5 t/s)  profiled 17608.3 ms (465.2 t/s)  sum(nodes) 17524.2 ms
  MUL_MAT_ID	ZenDNN                             234 calls     5959.6 ms  34.01%
  MUL_MAT	ZenDNN                                572 calls     2613.8 ms  14.92%
  FLASH_ATTN_EXT	CPU                             20 calls     2586.3 ms  14.76%
  GATED_DELTA_NET	CPU                            60 calls     1591.1 ms   9.08%
  SIGMOID	CPU                                   160 calls      965.5 ms   5.51%
  MUL	CPU                                       562 calls      628.1 ms   3.58%
  CONCAT	CPU                                     60 calls      595.7 ms   3.40%
  RMS_NORM	CPU                                  382 calls      520.5 ms   2.97%
  ADD	CPU                                       860 calls      439.4 ms   2.51%
  SSM_CONV	CPU                                   60 calls      435.0 ms   2.48%
  SCALE	CPU                                     240 calls      310.5 ms   1.77%
  SWIGLU	CPU                                    160 calls      202.5 ms   1.16%
  SILU	CPU                                      120 calls      195.6 ms   1.12%
  ARGSORT	CPU                                    80 calls      140.7 ms   0.80%
  MUL_MAT	CPU                                   210 calls      135.1 ms   0.77%
  GET_ROWS	CPU                                  208 calls       68.7 ms   0.39%
  SOFTPLUS	CPU                                   60 calls       50.6 ms   0.29%
  CONT	CPU                                       20 calls       38.6 ms   0.22%
  ROPE	CPU                                       40 calls       12.4 ms   0.07%
  SET_ROWS	CPU                                   42 calls       12.3 ms   0.07%
  SOFT_MAX	CPU                                   80 calls       11.3 ms   0.06%
  CPY	CPU                                       240 calls        3.9 ms   0.02%
  CLAMP	CPU                                      80 calls        2.6 ms   0.02%
  DIV	CPU                                        80 calls        1.7 ms   0.01%
  SUM_ROWS	CPU                                   80 calls        1.4 ms   0.01%
  MUL_MAT_ID	CPU                                  6 calls        1.2 ms   0.01%
  DUP	CPU                                         2 calls        0.1 ms   0.00%
