opprof: pp4096 ub4096  clean 9049.8 ms (452.6 t/s)  profiled 8568.8 ms (478.0 t/s)  sum(nodes) 8532.6 ms
  MUL_MAT_ID	ZenDNN                             117 calls     3353.3 ms  39.30%
  MUL_MAT	ZenDNN                                286 calls     1308.8 ms  15.34%
  GATED_DELTA_NET	CPU                            30 calls      793.9 ms   9.30%
  FLASH_ATTN_EXT	CPU                             10 calls      706.7 ms   8.28%
  SIGMOID	CPU                                    80 calls      473.6 ms   5.55%
  MUL	CPU                                       281 calls      313.2 ms   3.67%
  CONCAT	CPU                                     30 calls      292.8 ms   3.43%
  RMS_NORM	CPU                                  191 calls      260.9 ms   3.06%
  ADD	CPU                                       430 calls      222.7 ms   2.61%
  SSM_CONV	CPU                                   30 calls      218.6 ms   2.56%
  SCALE	CPU                                     120 calls      147.3 ms   1.73%
  SWIGLU	CPU                                     80 calls      101.3 ms   1.19%
  SILU	CPU                                       60 calls       98.1 ms   1.15%
  ARGSORT	CPU                                    40 calls       70.2 ms   0.82%
  MUL_MAT	CPU                                   105 calls       68.7 ms   0.80%
  GET_ROWS	CPU                                  104 calls       34.5 ms   0.40%
  SOFTPLUS	CPU                                   30 calls       24.6 ms   0.29%
  CONT	CPU                                       10 calls       19.8 ms   0.23%
  SET_ROWS	CPU                                   21 calls        6.2 ms   0.07%
  ROPE	CPU                                       20 calls        6.2 ms   0.07%
  SOFT_MAX	CPU                                   40 calls        5.7 ms   0.07%
  CPY	CPU                                       120 calls        2.0 ms   0.02%
  CLAMP	CPU                                      40 calls        1.3 ms   0.02%
  DIV	CPU                                        40 calls        0.8 ms   0.01%
  SUM_ROWS	CPU                                   40 calls        0.7 ms   0.01%
  MUL_MAT_ID	CPU                                  3 calls        0.6 ms   0.01%
  DUP	CPU                                         1 calls        0.1 ms   0.00%
