opprof: pp4096 ub512  clean 12184.6 ms (336.2 t/s)  profiled 12262.9 ms (334.0 t/s)  sum(nodes) 12192.0 ms
  MUL_MAT_ID	ZenDNN                             936 calls     7023.2 ms  57.61%
  MUL_MAT	ZenDNN                               2288 calls     1549.3 ms  12.71%
  GATED_DELTA_NET	CPU                           240 calls      799.6 ms   6.56%
  FLASH_ATTN_EXT	CPU                             80 calls      612.5 ms   5.02%
  SIGMOID	CPU                                   640 calls      497.6 ms   4.08%
  MUL	CPU                                      2248 calls      330.7 ms   2.71%
  RMS_NORM	CPU                                 1528 calls      277.7 ms   2.28%
  SSM_CONV	CPU                                  240 calls      176.2 ms   1.45%
  SCALE	CPU                                     960 calls      165.5 ms   1.36%
  CONCAT	CPU                                    240 calls      117.1 ms   0.96%
  SILU	CPU                                      480 calls      112.9 ms   0.93%
  ADD	CPU                                      3440 calls      105.9 ms   0.87%
  SWIGLU	CPU                                    640 calls       88.9 ms   0.73%
  ARGSORT	CPU                                   320 calls       78.9 ms   0.65%
  MUL_MAT	CPU                                   840 calls       76.0 ms   0.62%
  GET_ROWS	CPU                                  832 calls       74.8 ms   0.61%
  CONT	CPU                                       80 calls       30.1 ms   0.25%
  SOFTPLUS	CPU                                  240 calls       25.0 ms   0.20%
  CPY	CPU                                       960 calls       18.8 ms   0.15%
  SOFT_MAX	CPU                                  320 calls        8.9 ms   0.07%
  ROPE	CPU                                      160 calls        8.3 ms   0.07%
  SET_ROWS	CPU                                  168 calls        6.6 ms   0.05%
  DIV	CPU                                       320 calls        3.8 ms   0.03%
  CLAMP	CPU                                     320 calls        1.5 ms   0.01%
  SUM_ROWS	CPU                                  320 calls        1.2 ms   0.01%
  MUL_MAT_ID	CPU                                 24 calls        0.6 ms   0.00%
  DUP	CPU                                         8 calls        0.4 ms   0.00%
