opprof: pp4096 ub4096  clean 9075.0 ms (451.3 t/s)  profiled 8568.6 ms (478.0 t/s)  sum(nodes) 8532.7 ms
  MUL_MAT_ID	ZenDNN                             117 calls     3354.3 ms  39.31%
  MUL_MAT	ZenDNN                                286 calls     1307.3 ms  15.32%
  GATED_DELTA_NET	CPU                            30 calls      799.6 ms   9.37%
  FLASH_ATTN_EXT	CPU                             10 calls      709.5 ms   8.31%
  SIGMOID	CPU                                    80 calls      479.9 ms   5.62%
  MUL	CPU                                       281 calls      313.5 ms   3.67%
  CONCAT	CPU                                     30 calls      291.0 ms   3.41%
  RMS_NORM	CPU                                  191 calls      258.4 ms   3.03%
  ADD	CPU                                       430 calls      219.8 ms   2.58%
  SSM_CONV	CPU                                   30 calls      217.7 ms   2.55%
  SCALE	CPU                                     120 calls      139.2 ms   1.63%
  SWIGLU	CPU                                     80 calls      101.8 ms   1.19%
  SILU	CPU                                       60 calls       98.6 ms   1.16%
  ARGSORT	CPU                                    40 calls       70.3 ms   0.82%
  MUL_MAT	CPU                                   105 calls       69.2 ms   0.81%
  GET_ROWS	CPU                                  104 calls       34.9 ms   0.41%
  SOFTPLUS	CPU                                   30 calls       24.5 ms   0.29%
  CONT	CPU                                       10 calls       19.7 ms   0.23%
  SET_ROWS	CPU                                   21 calls        6.2 ms   0.07%
  ROPE	CPU                                       20 calls        6.2 ms   0.07%
  SOFT_MAX	CPU                                   40 calls        5.5 ms   0.06%
  CPY	CPU                                       120 calls        2.0 ms   0.02%
  CLAMP	CPU                                      40 calls        1.3 ms   0.02%
  DIV	CPU                                        40 calls        0.8 ms   0.01%
  SUM_ROWS	CPU                                   40 calls        0.7 ms   0.01%
  MUL_MAT_ID	CPU                                  3 calls        0.6 ms   0.01%
  DUP	CPU                                         1 calls        0.1 ms   0.00%
