opprof: pp4096 ub512  clean 12206.7 ms (335.6 t/s)  profiled 12243.1 ms (334.6 t/s)  sum(nodes) 12176.7 ms
  MUL_MAT_ID	ZenDNN                             936 calls     7028.2 ms  57.72%
  MUL_MAT	ZenDNN                               2288 calls     1532.8 ms  12.59%
  GATED_DELTA_NET	CPU                           240 calls      798.8 ms   6.56%
  FLASH_ATTN_EXT	CPU                             80 calls      613.8 ms   5.04%
  SIGMOID	CPU                                   640 calls      500.3 ms   4.11%
  MUL	CPU                                      2248 calls      327.6 ms   2.69%
  RMS_NORM	CPU                                 1528 calls      277.3 ms   2.28%
  SSM_CONV	CPU                                  240 calls      170.2 ms   1.40%
  SCALE	CPU                                     960 calls      166.2 ms   1.36%
  CONCAT	CPU                                    240 calls      121.2 ms   1.00%
  SILU	CPU                                      480 calls      113.4 ms   0.93%
  ADD	CPU                                      3440 calls      102.8 ms   0.84%
  SWIGLU	CPU                                    640 calls       89.2 ms   0.73%
  ARGSORT	CPU                                   320 calls       78.5 ms   0.64%
  GET_ROWS	CPU                                  832 calls       74.8 ms   0.61%
  MUL_MAT	CPU                                   840 calls       74.1 ms   0.61%
  CONT	CPU                                       80 calls       30.2 ms   0.25%
  SOFTPLUS	CPU                                  240 calls       25.0 ms   0.21%
  CPY	CPU                                       960 calls       21.0 ms   0.17%
  SOFT_MAX	CPU                                  320 calls        8.8 ms   0.07%
  ROPE	CPU                                      160 calls        8.4 ms   0.07%
  SET_ROWS	CPU                                  168 calls        6.6 ms   0.05%
  DIV	CPU                                       320 calls        3.9 ms   0.03%
  CLAMP	CPU                                     320 calls        1.5 ms   0.01%
  SUM_ROWS	CPU                                  320 calls        1.2 ms   0.01%
  MUL_MAT_ID	CPU                                 24 calls        0.6 ms   0.00%
  DUP	CPU                                         8 calls        0.4 ms   0.00%
