opprof: pp4096 ub4096  clean 15858.3 ms (258.3 t/s)  profiled 15382.1 ms (266.3 t/s)  sum(nodes) 15346.0 ms
  CONCAT	CPU                                     30 calls     7078.5 ms  46.13%
  MUL_MAT_ID	ZenDNN                             117 calls     3354.3 ms  21.86%
  MUL_MAT	ZenDNN                                286 calls     1313.9 ms   8.56%
  GATED_DELTA_NET	CPU                            30 calls      789.1 ms   5.14%
  FLASH_ATTN_EXT	CPU                             10 calls      708.1 ms   4.61%
  SIGMOID	CPU                                    80 calls      483.9 ms   3.15%
  MUL	CPU                                       281 calls      312.7 ms   2.04%
  RMS_NORM	CPU                                  191 calls      258.3 ms   1.68%
  SSM_CONV	CPU                                   30 calls      225.2 ms   1.47%
  ADD	CPU                                       430 calls      219.2 ms   1.43%
  SCALE	CPU                                     120 calls      163.3 ms   1.06%
  SWIGLU	CPU                                     80 calls      102.1 ms   0.67%
  SILU	CPU                                       60 calls       95.7 ms   0.62%
  ARGSORT	CPU                                    40 calls       70.4 ms   0.46%
  MUL_MAT	CPU                                   105 calls       67.8 ms   0.44%
  GET_ROWS	CPU                                  104 calls       35.0 ms   0.23%
  SOFTPLUS	CPU                                   30 calls       25.1 ms   0.16%
  CONT	CPU                                       10 calls       19.6 ms   0.13%
  ROPE	CPU                                       20 calls        6.2 ms   0.04%
  SET_ROWS	CPU                                   21 calls        6.2 ms   0.04%
  SOFT_MAX	CPU                                   40 calls        5.7 ms   0.04%
  CPY	CPU                                       120 calls        2.1 ms   0.01%
  CLAMP	CPU                                      40 calls        1.3 ms   0.01%
  DIV	CPU                                        40 calls        0.9 ms   0.01%
  SUM_ROWS	CPU                                   40 calls        0.7 ms   0.00%
  MUL_MAT_ID	CPU                                  3 calls        0.6 ms   0.00%
  DUP	CPU                                         1 calls        0.1 ms   0.00%
