opprof: pp4096 ub512  clean 14955.8 ms (273.9 t/s)  profiled 15129.0 ms (270.7 t/s)  sum(nodes) 15062.1 ms
  MUL_MAT_ID	ZenDNN                             936 calls     7019.4 ms  46.60%
  CONCAT	CPU                                    240 calls     2922.7 ms  19.40%
  MUL_MAT	ZenDNN                               2288 calls     1543.7 ms  10.25%
  GATED_DELTA_NET	CPU                           240 calls      796.9 ms   5.29%
  FLASH_ATTN_EXT	CPU                             80 calls      617.5 ms   4.10%
  SIGMOID	CPU                                   640 calls      502.4 ms   3.34%
  MUL	CPU                                      2248 calls      329.3 ms   2.19%
  RMS_NORM	CPU                                 1528 calls      308.3 ms   2.05%
  SSM_CONV	CPU                                  240 calls      218.3 ms   1.45%
  SCALE	CPU                                     960 calls      156.7 ms   1.04%
  SILU	CPU                                      480 calls      110.8 ms   0.74%
  ADD	CPU                                      3440 calls      106.2 ms   0.71%
  SWIGLU	CPU                                    640 calls       88.6 ms   0.59%
  ARGSORT	CPU                                   320 calls       78.6 ms   0.52%
  GET_ROWS	CPU                                  832 calls       78.1 ms   0.52%
  MUL_MAT	CPU                                   840 calls       74.2 ms   0.49%
  CONT	CPU                                       80 calls       29.7 ms   0.20%
  SOFTPLUS	CPU                                  240 calls       24.8 ms   0.16%
  CPY	CPU                                       960 calls       24.3 ms   0.16%
  SOFT_MAX	CPU                                  320 calls        8.8 ms   0.06%
  ROPE	CPU                                      160 calls        8.3 ms   0.06%
  SET_ROWS	CPU                                  168 calls        6.6 ms   0.04%
  DIV	CPU                                       320 calls        3.9 ms   0.03%
  CLAMP	CPU                                     320 calls        1.5 ms   0.01%
  SUM_ROWS	CPU                                  320 calls        1.4 ms   0.01%
  MUL_MAT_ID	CPU                                 24 calls        0.6 ms   0.00%
  DUP	CPU                                         8 calls        0.4 ms   0.00%
