opprof: pp8192 ub512  clean 31688.3 ms (258.5 t/s)  profiled 33671.0 ms (243.3 t/s)  sum(nodes) 33530.9 ms
  MUL_MAT_ID	CPU                               1920 calls    12266.2 ms  36.58%
  CONCAT	CPU                                    480 calls     8318.9 ms  24.81%
  MUL_MAT	CPU                                  6256 calls     4552.2 ms  13.58%
  FLASH_ATTN_EXT	CPU                            160 calls     2676.0 ms   7.98%
  GATED_DELTA_NET	CPU                           480 calls     1637.1 ms   4.88%
  SIGMOID	CPU                                  1280 calls     1002.0 ms   2.99%
  RMS_NORM	CPU                                 3056 calls      620.7 ms   1.85%
  MUL	CPU                                      4496 calls      520.3 ms   1.55%
  SSM_CONV	CPU                                  480 calls      429.7 ms   1.28%
  SCALE	CPU                                    1920 calls      317.0 ms   0.95%
  SILU	CPU                                      960 calls      235.6 ms   0.70%
  ADD	CPU                                      6880 calls      221.2 ms   0.66%
  SWIGLU	CPU                                   1280 calls      200.9 ms   0.60%
  ARGSORT	CPU                                   640 calls      159.3 ms   0.48%
  GET_ROWS	CPU                                 2592 calls      152.7 ms   0.46%
  CONT	CPU                                      160 calls       61.9 ms   0.18%
  CPY	CPU                                      1920 calls       49.8 ms   0.15%
  SOFTPLUS	CPU                                  480 calls       49.4 ms   0.15%
  SOFT_MAX	CPU                                  640 calls       18.1 ms   0.05%
  ROPE	CPU                                      320 calls       17.3 ms   0.05%
  SET_ROWS	CPU                                  320 calls       13.5 ms   0.04%
  DIV	CPU                                       640 calls        8.4 ms   0.02%
  SUM_ROWS	CPU                                  640 calls        2.1 ms   0.01%
  CLAMP	CPU                                     640 calls        0.7 ms   0.00%
